---
source: crates/bayou_frontend/src/parser/tests.rs
info: "func main() -> i64 { return 0 }"
---
- items:
    - FuncDecl:
        ident:
          istr: 1
          span:
            start: 5
            end: 9
        ret_ty: I64
        ret_ty_span:
          start: 15
          end: 18
        block:
          statements:
            - Return:
                kind:
                  Integer: 0
                span:
                  start: 28
                  end: 29
          final_expr:
            kind: Void
            span:
              start: 30
              end: 31
          span:
            start: 19
            end: 31
- - expected: "`;`"
    span:
      start: 30
      end: 31
