---
source: crates/bayou_frontend/src/parser/tests.rs
info: "func main() -> i64 { return0; }"
---
- items:
    - FuncDecl:
        ident:
          istr: 1
          span:
            start: 5
            end: 9
        ret_ty: I64
        ret_ty_span:
          start: 15
          end: 18
        block:
          statements:
            - Drop:
                expr:
                  kind:
                    Var:
                      istr: 2
                      span:
                        start: 21
                        end: 28
                  span:
                    start: 21
                    end: 28
                had_semicolon: true
          final_expr:
            kind: Void
            span:
              start: 30
              end: 31
          span:
            start: 19
            end: 31
- []
