---
source: crates/bayou_frontend/src/parser/tests.rs
info: "func main( { return 0; }"
---
- items:
    - FuncDecl:
        ident:
          istr: 1
          span:
            start: 5
            end: 9
        ret_ty: Void
        ret_ty_span:
          start: 11
          end: 11
        block:
          statements:
            - Return:
                kind:
                  Integer: 0
                span:
                  start: 20
                  end: 21
          final_expr:
            kind: Void
            span:
              start: 23
              end: 24
          span:
            start: 11
            end: 24
- - expected: "`)`"
    span:
      start: 11
      end: 12
