---
source: crates/bayou_frontend/src/parser/tests.rs
info: "func main() -> i64 { return 0; }"
---
- items:
    - FuncDecl:
        ident:
          ident_str: 1
          span:
            start: 5
            end: 9
        ret_ty: I64
        statements:
          - Return:
              kind:
                Constant: 0
              span:
                start: 28
                end: 29
- []

