---
source: crates/bayou_frontend/src/parser/tests.rs
info: "func main() { return; }"
---
- items:
    - FuncDecl:
        ident:
          istr: 1
          span:
            start: 5
            end: 9
        ret_ty: Void
        ret_ty_span:
          start: 12
          end: 12
        block:
          statements:
            - Return:
                kind: Void
                span:
                  start: 14
                  end: 20
          final_expr:
            kind: Void
            span:
              start: 22
              end: 23
          span:
            start: 12
            end: 23
- []
