---
source: crates/bayou_compiler/src/parser/tests.rs
info: "func main( { return 0; }"
---
- items:
    - ParseError
- - expected: "`)`"
    span:
      start: 11
      end: 12
  - expected: an item
    span:
      start: 11
      end: 12
  - expected: an item
    span:
      start: 23
      end: 24

